
> black-feather-taxi@1.0.0 build
> vite build

[36mvite v5.4.20 [32mbuilding for production...[36m[39m
transforming...
[32mΓ£ô[39m 1703 modules transformed.
rendering chunks...
computing gzip size...
[2mdist/[22m[32mindex.html                 [39m[1m[2m  0.47 kB[22m[1m[22m[2m Γöé gzip:  0.33 kB[22m
[2mdist/[22m[35massets/index-DJf768V5.css  [39m[1m[2m 34.29 kB[22m[1m[22m[2m Γöé gzip:  6.71 kB[22m
[2mdist/[22m[36massets/index-Dth6RizU.js   [39m[1m[2m307.06 kB[22m[1m[22m[2m Γöé gzip: 92.57 kB[22m
[32mΓ£ô built in 3.67s[39m
